[localhost_10004/index.html]
[backblue.gif]
[fade.gif]
[index.html]
[localhost_10004/wp-includes/blocks/navigation/style.min0899.css]
[localhost_10004/wp-includes/blocks/cover/style.min0899.css]
[localhost_10004/wp-content/themes/twentytwentyfive/style62ea.css]
[localhost_10004/feed/index.html]
[localhost_10004/comments/feed/index.html]
[localhost_10004/wp-json/wp/v2/pages/6.json]
[localhost_10004/wp-json/index.html]
[localhost_10004/xmlrpc0db0.php]
[localhost_10004/wp-json/oembed/1.0/embeda944.json]
[localhost_10004/wp-json/oembed/1.0/embedaccc]
[localhost_10004/wp-content/uploads/fonts/va9b4kzIxd1KFppkaRKvDRPJVDf_vB7ukmDSFXjQiQ.woff2]
[localhost_10004/wp-content/uploads/fonts/va9b4kzIxd1KFppkaRKvDRPJVDf_PB_ukmDSFXjQiQ.woff2]
[localhost_10004/wp-content/uploads/fonts/va9b4kzIxd1KFppkaRKvDRPJVDf_vB_ukmDSFXjQiQ.woff2]
[localhost_10004/wp-content/uploads/fonts/va9b4kzIxd1KFppkaRKvDRPJVDf_jh_ukmDSFXjQiQ.woff2]
[localhost_10004/wp-content/uploads/fonts/va9b4kzIxd1KFppkaRKvDRPJVDf_WxjukmDSFXjQiQ.woff2]
[localhost_10004/wp-content/uploads/fonts/va9b4kzIxd1KFppkaRKvDRPJVDf_FRjukmDSFXjQiQ.woff2]
[localhost_10004/wp-content/uploads/fonts/va9Z4kzIxd1KFrBtW-13ZHhT-jDqdFyG1GrTN33AiasJ.woff2]
[localhost_10004/wp-content/uploads/fonts/va9Z4kzIxd1KFrBtW-13ZHhT-jDqdFwG1GrTN33AiasJ.woff2]
[localhost_10004/wp-content/uploads/fonts/va9Z4kzIxd1KFrBtW-13ZHhT-jDqdFzh02rTN33AiasJ.woff2]
[localhost_10004/wp-content/uploads/fonts/va9Z4kzIxd1KFrBtW-13ZHhT-jDqdFyG02rTN33AiasJ.woff2]
[localhost_10004/wp-content/uploads/fonts/0QI6MX1D_JOuGQbT0gvTJPa787weuyJDmKxemMeZ.woff2]
[localhost_10004/wp-content/uploads/fonts/0QI6MX1D_JOuGQbT0gvTJPa787zAvCJDmKxemMeZ.woff2]
[localhost_10004/wp-content/uploads/fonts/0QI8MX1D_JOuMw_hLdO6T2wV9KnW-PgFkq18ndeZzZ0.woff2]
[localhost_10004/wp-content/uploads/fonts/0QI8MX1D_JOuMw_hLdO6T2wV9KnW-BQCkq18ndeZzZ0.woff2]
[localhost_10004/wp-content/uploads/2025/06/bg-red-1-1024x550.png]
[localhost_10004/blog/index.html]
[localhost_10004/wp-content/uploads/2025/06/bg-blue-4-1024x550.png]
[localhost_10004/index.html]
[localhost_10004/wp-includes/blocks/navigation/style.min0899.css]
[localhost_10004/wp-includes/blocks/cover/style.min0899.css]
[localhost_10004/wp-content/themes/twentytwentyfive/style62ea.css]
[localhost_10004/wp-includes/js/jquery/jquery.minf43b.js]
[localhost_10004/wp-includes/js/jquery/jquery-migrate.min5589.js]
[localhost_10004/wp-includes/js/dist/script-modules/block-library/navigation/view.minf3d8.js]
[localhost_10004/wp-includes/js/dist/script-modules/interactivity/index.min1c7d.js]
[localhost_10004/wp-content/uploads/fonts/va9b4kzIxd1KFppkaRKvDRPJVDf_YhjukmDSFXjQiQ.woff2]
[localhost_10004/wp-content/uploads/fonts/va9b4kzIxd1KFppkaRKvDRPJVDf_PBjukmDSFXjQiQ.woff2]
[localhost_10004/wp-content/uploads/fonts/va9Z4kzIxd1KFrBtW-13ZHhT-jDqdFw01GrTN33AiasJ.woff2]
[localhost_10004/wp-content/uploads/fonts/va9Z4kzIxd1KFrBtW-13ZHhT-jDqdFzY02rTN33AiasJ.woff2]
[localhost_10004/wp-content/uploads/fonts/0QI6MX1D_JOuGQbT0gvTJPa787wsuyJDmKxemMeZ.woff2]
[localhost_10004/wp-content/uploads/fonts/0QI8MX1D_JOuMw_hLdO6T2wV9KnW-MoFkq18ndeZzZ0.woff2]
[localhost_10004/wp-content/plugins/ultimate-post/assets/css/style.min9719.css]
[localhost_10004/wp-content/plugins/read-meter/assets/css/bsfrt-frontend-css.min1c96.css]
[localhost_10004/wp-content/uploads/2025/06/1.png]
[localhost_10004/wp-content/uploads/2025/06/mountain2-600x600.png]
[localhost_10004/wp-content/uploads/2025/06/car2-600x600.png]
[localhost_10004/donec-quam-felis/index.html]
[localhost_10004/quisque-faucibus-ex-sapien-vitae-pellentesque/index.html]
[localhost_10004/category/category3/index.html]
[localhost_10004/author/kpoloczek/index.html]
[localhost_10004/in-id-cursus-mi-pretium-tellus-duis/index.html]
[localhost_10004/category/category1/index.html]
[localhost_10004/consectetur-adipiscing-elit/index.html]
[localhost_10004/category/category2/index.html]
[localhost_10004/blog/index.html]
[localhost_10004/blog/page/2/index.html]
[localhost_10004/wp-content/uploads/2025/06/bg-creme-1-1024x550.png]
[localhost_10004/wp-content/uploads/fonts/va9b4kzIxd1KFppkaRKvDRPJVDf_4h_ukmDSFXjQiQ.woff2]
[localhost_10004/wp-content/uploads/fonts/va9Z4kzIxd1KFrBtW-13ZHhT-jDqdFwG1WrTN33AiasJ.woff2]
[localhost_10004/wp-content/uploads/fonts/va9Z4kzIxd1KFrBtW-13ZHhT-jDqdFyv02rTN33AiasJ.woff2]
[localhost_10004/wp-content/uploads/fonts/0QI8MX1D_JOuMw_hLdO6T2wV9KnW-C0Ckq18ndeZzZ0.woff2]
[localhost_10004/wp-content/plugins/ultimate-post/assets/css/style.min9719.css]
[localhost_10004/wp-content/plugins/read-meter/assets/css/bsfrt-frontend-css.min1c96.css]
[localhost_10004/wp-includes/blocks/social-links/style.min0899.css]
[localhost_10004/donec-quam-felis/feed/index.html]
[localhost_10004/wp-includes/css/dist/components/style.min0899.css]
[localhost_10004/wp-includes/css/dist/preferences/style.min0899.css]
[localhost_10004/wp-includes/css/dist/block-editor/style.min0899.css]
[localhost_10004/wp-includes/css/dist/reusable-blocks/style.min0899.css]
[localhost_10004/wp-includes/css/dist/patterns/style.min0899.css]
[localhost_10004/wp-includes/css/dist/editor/style.min0899.css]
[localhost_10004/wp-content/plugins/syntax-highlighting-code-block/vendor/scrivo/highlight-php/styles/defaultcc1a.css]
[localhost_10004/wp-json/oembed/1.0/embed9b4c.json]
[localhost_10004/wp-json/oembed/1.0/embeddba0]
[localhost_10004/donec-quam-felis/index.html]
[localhost_10004/wp-content/uploads/2025/06/castle.png]
[localhost_10004/wp-json/wp/v2/posts/496.json]
[localhost_10004/quisque-faucibus-ex-sapien-vitae-pellentesque/feed/index.html]
[localhost_10004/wp-json/oembed/1.0/embed7003.json]
[localhost_10004/wp-json/oembed/1.0/embed5f83]
[localhost_10004/quisque-faucibus-ex-sapien-vitae-pellentesque/index.html]
[localhost_10004/tag/tag1/index.html]
[localhost_10004/tag/tag2/index.html]
[localhost_10004/category/category3/index.html]
[localhost_10004/wp-json/wp/v2/categories/13.json]
[localhost_10004/category/category3/feed/index.html]
[localhost_10004/wp-json/wp/v2/users/1.json]
[localhost_10004/wp-content/uploads/2025/06/mountain2.png]
[localhost_10004/wp-content/uploads/2025/06/car2.png]
[localhost_10004/author/kpoloczek/feed/index.html]
[localhost_10004/wp-content/uploads/2025/06/house.png]
[localhost_10004/tempus-leo-eu-aenean/index.html]
[localhost_10004/wp-content/uploads/2025/06/boat.png]
[localhost_10004/author/kpoloczek/index.html]
[localhost_10004/hello-world/index.html]
[localhost_10004/wp-json/wp/v2/posts/471.json]
[localhost_10004/in-id-cursus-mi-pretium-tellus-duis/feed/index.html]
[localhost_10004/wp-json/oembed/1.0/embed139d.json]
[localhost_10004/wp-json/oembed/1.0/embed2aa9]
[localhost_10004/in-id-cursus-mi-pretium-tellus-duis/index.html]
[localhost_10004/tag/tag3/index.html]
[localhost_10004/tag/tag4/index.html]
[localhost_10004/wp-json/wp/v2/categories/8.json]
[localhost_10004/category/category1/index.html]
[localhost_10004/category/category1/feed/index.html]
[localhost_10004/wp-json/wp/v2/posts/220.json]
[localhost_10004/consectetur-adipiscing-elit/feed/index.html]
[localhost_10004/wp-json/oembed/1.0/embedafab.json]
[localhost_10004/wp-json/oembed/1.0/embed3765]
[localhost_10004/consectetur-adipiscing-elit/index.html]
[localhost_10004/wp-json/wp/v2/categories/9.json]
[localhost_10004/category/category2/index.html]
[localhost_10004/blog/page/2/index.html]
[localhost_10004/wp-includes/js/dist/hooks.min4fdd.js]
[localhost_10004/wp-includes/js/dist/i18n.minc33c.js]
[localhost_10004/wp-includes/js/dist/vendor/wp-polyfill.min2c7c.js]
[localhost_10004/category/category2/feed/index.html]
[localhost_10004/blog/Bun/index.html]
[localhost_10004/blog/Deno/index.html]
[localhost_10004/blog/e]
[localhost_10004/wp-includes/js/dist/url.min16bb.js]
[localhost_10004/wp-includes/js/dist/api-fetch.minc31c.js]
[localhost_10004/wp-admin/admin-ajaxf809.html]
[localhost_10004/wp-content/plugins/ultimate-post/assets/js/ultp.min9719.js]
[localhost_10004/wp-content/plugins/sticky-block/dist/sticky-block.min5152.js]
[localhost_10004/wp-content/uploads/fonts/va9Z4kzIxd1KFrBtW-13ZHhT-jDqdFxY1GrTN33AiasJ.woff2]
[localhost_10004/wp-content/uploads/fonts/0QI6MX1D_JOuGQbT0gvTJPa787z5vCJDmKxemMeZ.woff2]
[localhost_10004/blog/Node.js/index.html]
[localhost_10004/wp-content/plugins/ultimate-post/assets/img/loading.gif]
[localhost_10004/wp-includes/blocks/social-links/style.min0899.css]
[localhost_10004/wp-includes/css/dist/components/style.min0899.css]
[localhost_10004/wp-includes/css/dist/preferences/style.min0899.css]
[localhost_10004/wp-includes/css/dist/block-editor/style.min0899.css]
[localhost_10004/wp-includes/css/dist/reusable-blocks/style.min0899.css]
[localhost_10004/wp-includes/css/dist/patterns/style.min0899.css]
[localhost_10004/wp-includes/css/dist/editor/style.min0899.css]
[localhost_10004/wp-content/plugins/sticky-block/dist/blocks.style.build90f9.css]
[localhost_10004/wp-content/plugins/syntax-highlighting-code-block/vendor/scrivo/highlight-php/styles/defaultcc1a.css]
[localhost_10004/indexa351.html]
[localhost_10004/index0a18.html]
[localhost_10004/wp-json/wp/v2/tags/6.json]
[localhost_10004/wp-json/wp/v2/posts/595]
[localhost_10004/tag/tag1/index.html]
[localhost_10004/tag/tag1/feed/index.html]
[localhost_10004/wp-json/wp/v2/tags/7.json]
[localhost_10004/tag/tag2/index.html]
[localhost_10004/tag/tag2/feed/index.html]
[localhost_10004/wp-json/wp/v2/posts/187.json]
[localhost_10004/tempus-leo-eu-aenean/feed/index.html]
[localhost_10004/wp-json/oembed/1.0/embed3412.json]
[localhost_10004/wp-json/oembed/1.0/embed64ec]
[localhost_10004/tempus-leo-eu-aenean/index.html]
[localhost_10004/wp-json/wp/v2/posts/1.json]
[localhost_10004/hello-world/feed/index.html]
[localhost_10004/wp-json/oembed/1.0/embed3731.json]
[localhost_10004/wp-json/oembed/1.0/embed2241]
[localhost_10004/hello-world/index.html]
[localhost_10004/index2c5f.html]
[localhost_10004/tag/tag3/index.html]
[localhost_10004/tag/tag4/index.html]
[localhost_10004/index156c.html]
[localhost_10004/blog/Bun/index.html]
[localhost_10004/blog/Deno/index.html]
[localhost_10004/blog/Node.js/index.html]
[localhost_10004/blog/e.html]
[localhost_10004/indexc885.html]
[localhost_10004/indexcff1.html]
[localhost_10004/tag/tag3/feed/index.html]
[localhost_10004/tag/tag4/feed/index.html]
[localhost_10004/wp-json/wp/v2/tags/10]
[localhost_10004/wp-json/wp/v2/tags/12]
